// Jest Snapshot v1, https://goo.gl/fbAQLP

exports[`Box component renders with given props 1`] = `
<div
  class="sc-bczRLJ gNKbKD"
  color="midnight"
/>
`;
