// Jest Snapshot v1, https://goo.gl/fbAQLP

exports[`Tag component renders with given props and "secondary" variant 1`] = `
<div
  class="sc-gsnTZi sc-dkzDqf jhAtse hoZrpZ"
  display="none,none,inline-block"
>
  <p
    class="sc-bczRLJ fQxWBD"
  >
    Test tag
  </p>
</div>
`;
